
==================================== ERRORS ====================================
____________ ERROR collecting tests/events/test_registry_loader.py _____________
tests/events/test_registry_loader.py:1: in <module>
    from events.registry import _load_event_specs, EVENT_REGISTRY_SPECS
project/events/__init__.py:1: in <module>
    from events.registry import (
project/events/registry.py:62: in <module>
    EVENT_REGISTRY_SPECS: Dict[str, EventRegistrySpec] = _load_event_specs()
project/events/registry.py:51: in _load_event_specs
    raise ValueError(f"Malformed spec {yaml_file.name} — missing registry fields: {missing}")
E   ValueError: Malformed spec canonical_event_registry.yaml — missing registry fields: {'event_type', 'signal_column', 'reports_dir', 'events_file'}
=========================== short test summary info ============================
ERROR tests/events/test_registry_loader.py - ValueError: Malformed spec canon...
!!!!!!!!!!!!!!!!!!!! Interrupted: 1 error during collection !!!!!!!!!!!!!!!!!!!!
1 error in 0.51s
